#
# There is insufficient memory for the Java Runtime Environment to continue.
# Native memory allocation (malloc) failed to allocate 341776 bytes for Chunk::new
# Possible reasons:
#   The system is out of physical RAM or swap space
#   The process is running with CompressedOops enabled, and the Java Heap may be blocking the growth of the native heap
# Possible solutions:
#   Reduce memory load on the system
#   Increase physical memory or swap space
#   Check if swap backing store is full
#   Decrease Java heap size (-Xmx/-Xms)
#   Decrease number of Java threads
#   Decrease Java thread stack sizes (-Xss)
#   Set larger code cache with -XX:ReservedCodeCacheSize=
#   JVM is running with Unscaled Compressed Oops mode in which the Java heap is
#     placed in the first 4GB address space. The Java Heap base address is the
#     maximum limit for the native heap growth. Please use -XX:HeapBaseMinAddress
#     to set the Java Heap base and to place the Java Heap above 4GB virtual address.
# This output file may be truncated or incomplete.
#
#  Out of Memory Error (arena.cpp:189), pid=19652, tid=19948
#
# JRE version: Java(TM) SE Runtime Environment (17.0.12+8) (build 17.0.12+8-LTS-286)
# Java VM: Java HotSpot(TM) 64-Bit Server VM (17.0.12+8-LTS-286, mixed mode, sharing, tiered, compressed oops, compressed class ptrs, g1 gc, windows-amd64)
# No core dump will be written. Minidumps are not enabled by default on client versions of Windows
#

---------------  S U M M A R Y ------------

Command Line: -Dfile.encoding=UTF-8 -Dstdout.encoding=UTF-8 -Dstderr.encoding=UTF-8 -XX:+ShowCodeDetailsInExceptionMessages com.creditscore.CreditScoreApplication

Host: Intel(R) Xeon(R) Platinum 8173M CPU @ 2.00GHz, 4 cores, 7G,  Windows 10 , 64 bit Build 19041 (10.0.19041.5915)
Time: Tue Jun 30 11:27:54 2026 India Standard Time elapsed time: 0.762228 seconds (0d 0h 0m 0s)

---------------  T H R E A D  ---------------

Current thread (0x000001f16503a7f0):  JavaThread "C2 CompilerThread0" daemon [_thread_in_native, id=19948, stack(0x0000001ddbb00000,0x0000001ddbc00000)]


Current CompileTask:
C2:    762  789   !   4       java.util.zip.ZipFile::getEntry (59 bytes)

Stack: [0x0000001ddbb00000,0x0000001ddbc00000]
Native frames: (J=compiled Java code, j=interpreted, Vv=VM code, C=native code)
V  [jvm.dll+0x67a04a]
V  [jvm.dll+0x7da4ed]
V  [jvm.dll+0x7dbe33]
V  [jvm.dll+0x7dc4a3]
V  [jvm.dll+0x24508f]
V  [jvm.dll+0xab773]
V  [jvm.dll+0xabd3c]
V  [jvm.dll+0x361b9f]
V  [jvm.dll+0x32c431]
V  [jvm.dll+0x32b8ca]
V  [jvm.dll+0x21683f]
V  [jvm.dll+0x215c6f]
V  [jvm.dll+0x1a2960]
V  [jvm.dll+0x22610b]
V  [jvm.dll+0x2242ab]
V  [jvm.dll+0x79075c]
V  [jvm.dll+0x78abea]
V  [jvm.dll+0x678f35]
C  [ucrtbase.dll+0x21bb2]
C  [KERNEL32.DLL+0x17374]
C  [ntdll.dll+0x4cc91]


---------------  P R O C E S S  ---------------

Threads class SMR info:
_java_thread_list=0x000001f165299350, length=12, elements={
0x000001f1476d3db0, 0x000001f165026980, 0x000001f165027eb0, 0x000001f165036070,
0x000001f165038a50, 0x000001f165039320, 0x000001f165039bf0, 0x000001f16503a7f0,
0x000001f1650a3890, 0x000001f1650b3d90, 0x000001f1652920a0, 0x000001f1652a23e0
}

Java Threads: ( => current thread )
  0x000001f1476d3db0 JavaThread "main" [_thread_in_vm, id=1432, stack(0x0000001ddae00000,0x0000001ddaf00000)]
  0x000001f165026980 JavaThread "Reference Handler" daemon [_thread_blocked, id=22220, stack(0x0000001ddb500000,0x0000001ddb600000)]
  0x000001f165027eb0 JavaThread "Finalizer" daemon [_thread_blocked, id=22428, stack(0x0000001ddb600000,0x0000001ddb700000)]
  0x000001f165036070 JavaThread "Signal Dispatcher" daemon [_thread_blocked, id=17116, stack(0x0000001ddb700000,0x0000001ddb800000)]
  0x000001f165038a50 JavaThread "Attach Listener" daemon [_thread_blocked, id=6952, stack(0x0000001ddb800000,0x0000001ddb900000)]
  0x000001f165039320 JavaThread "Service Thread" daemon [_thread_blocked, id=8600, stack(0x0000001ddb900000,0x0000001ddba00000)]
  0x000001f165039bf0 JavaThread "Monitor Deflation Thread" daemon [_thread_blocked, id=7536, stack(0x0000001ddba00000,0x0000001ddbb00000)]
=>0x000001f16503a7f0 JavaThread "C2 CompilerThread0" daemon [_thread_in_native, id=19948, stack(0x0000001ddbb00000,0x0000001ddbc00000)]
  0x000001f1650a3890 JavaThread "C1 CompilerThread0" daemon [_thread_blocked, id=12280, stack(0x0000001ddbc00000,0x0000001ddbd00000)]
  0x000001f1650b3d90 JavaThread "Sweeper thread" daemon [_thread_blocked, id=22532, stack(0x0000001ddbd00000,0x0000001ddbe00000)]
  0x000001f1652920a0 JavaThread "Notification Thread" daemon [_thread_blocked, id=10436, stack(0x0000001ddbe00000,0x0000001ddbf00000)]
  0x000001f1652a23e0 JavaThread "Common-Cleaner" daemon [_thread_blocked, id=10964, stack(0x0000001ddc000000,0x0000001ddc100000)]

Other Threads:
  0x000001f165020a00 VMThread "VM Thread" [stack: 0x0000001ddb400000,0x0000001ddb500000] [id=15724]
  0x000001f165294590 WatcherThread [stack: 0x0000001ddbf00000,0x0000001ddc000000] [id=21076]
  0x000001f147730250 GCTaskThread "GC Thread#0" [stack: 0x0000001ddaf00000,0x0000001ddb000000] [id=18700]
  0x000001f1659ab710 GCTaskThread "GC Thread#1" [stack: 0x0000001ddc100000,0x0000001ddc200000] [id=18048]
  0x000001f1659ab9d0 GCTaskThread "GC Thread#2" [stack: 0x0000001ddc200000,0x0000001ddc300000] [id=23480]
  0x000001f165bad2d0 GCTaskThread "GC Thread#3" [stack: 0x0000001ddc300000,0x0000001ddc400000] [id=21144]
  0x000001f1477420c0 ConcurrentGCThread "G1 Main Marker" [stack: 0x0000001ddb000000,0x0000001ddb100000] [id=18556]
  0x000001f1477429e0 ConcurrentGCThread "G1 Conc#0" [stack: 0x0000001ddb100000,0x0000001ddb200000] [id=18948]
  0x000001f147797fa0 ConcurrentGCThread "G1 Refine#0" [stack: 0x0000001ddb200000,0x0000001ddb300000] [id=20356]
  0x000001f1477988e0 ConcurrentGCThread "G1 Service" [stack: 0x0000001ddb300000,0x0000001ddb400000] [id=13552]

Threads with active compile tasks:
C2 CompilerThread0      810  789   !   4       java.util.zip.ZipFile::getEntry (59 bytes)

VM state: not at safepoint (normal execution)

VM Mutex/Monitor currently owned by a thread:  ([mutex/lock_event])
[0x000001f1476d0da0] Metaspace_lock - owner thread: 0x000001f1476d3db0

Heap address: 0x0000000080000000, size: 2048 MB, Compressed Oops mode: 32-bit

CDS archive(s) mapped at: [0x000001f100000000-0x000001f100bd0000-0x000001f100bd0000), size 12386304, SharedBaseAddress: 0x000001f100000000, ArchiveRelocationMode: 1.
Compressed class space mapped at: 0x000001f101000000-0x000001f141000000, reserved size: 1073741824
Narrow klass base: 0x000001f100000000, Narrow klass shift: 0, Narrow klass range: 0x100000000

GC Precious Log:
 CPUs: 4 total, 4 available
 Memory: 8191M
 Large Page Support: Disabled
 NUMA Support: Disabled
 Compressed Oops: Enabled (32-bit)
 Heap Region Size: 1M
 Heap Min Capacity: 8M
 Heap Initial Capacity: 128M
 Heap Max Capacity: 2G
 Pre-touch: Disabled
 Parallel Workers: 4
 Concurrent Workers: 1
 Concurrent Refinement Workers: 4
 Periodic GC: Disabled

Heap:
 garbage-first heap   total 131072K, used 6933K [0x0000000080000000, 0x0000000100000000)
  region size 1024K, 3 young (3072K), 2 survivors (2048K)
 Metaspace       used 3318K, committed 3456K, reserved 1114112K
  class space    used 361K, committed 448K, reserved 1048576K

Heap Regions: E=young(eden), S=young(survivor), O=old, HS=humongous(starts), HC=humongous(continues), CS=collection set, F=free, OA=open archive, CA=closed archive, TAMS=top-at-mark-start (previous, next)
|   0|0x0000000080000000, 0x0000000080100000, 0x0000000080100000|100%|HS|  |TAMS 0x0000000080000000, 0x0000000080000000| Complete 
|   1|0x0000000080100000, 0x0000000080200000, 0x0000000080200000|100%|HS|  |TAMS 0x0000000080100000, 0x0000000080100000| Complete 
|   2|0x0000000080200000, 0x0000000080300000, 0x0000000080300000|100%| O|  |TAMS 0x0000000080200000, 0x0000000080200000| Untracked 
|   3|0x0000000080300000, 0x0000000080400000, 0x0000000080400000|100%| O|  |TAMS 0x0000000080300000, 0x0000000080300000| Untracked 
|   4|0x0000000080400000, 0x00000000804c5600, 0x0000000080500000| 77%| O|  |TAMS 0x0000000080400000, 0x0000000080400000| Untracked 
|   5|0x0000000080500000, 0x0000000080500000, 0x0000000080600000|  0%| F|  |TAMS 0x0000000080500000, 0x0000000080500000| Untracked 
|   6|0x0000000080600000, 0x0000000080600000, 0x0000000080700000|  0%| F|  |TAMS 0x0000000080600000, 0x0000000080600000| Untracked 
|   7|0x0000000080700000, 0x0000000080700000, 0x0000000080800000|  0%| F|  |TAMS 0x0000000080700000, 0x0000000080700000| Untracked 
|   8|0x0000000080800000, 0x0000000080800000, 0x0000000080900000|  0%| F|  |TAMS 0x0000000080800000, 0x0000000080800000| Untracked 
|   9|0x0000000080900000, 0x0000000080900000, 0x0000000080a00000|  0%| F|  |TAMS 0x0000000080900000, 0x0000000080900000| Untracked 
|  10|0x0000000080a00000, 0x0000000080a00000, 0x0000000080b00000|  0%| F|  |TAMS 0x0000000080a00000, 0x0000000080a00000| Untracked 
|  11|0x0000000080b00000, 0x0000000080b00000, 0x0000000080c00000|  0%| F|  |TAMS 0x0000000080b00000, 0x0000000080b00000| Untracked 
|  12|0x0000000080c00000, 0x0000000080c00000, 0x0000000080d00000|  0%| F|  |TAMS 0x0000000080c00000, 0x0000000080c00000| Untracked 
|  13|0x0000000080d00000, 0x0000000080d00000, 0x0000000080e00000|  0%| F|  |TAMS 0x0000000080d00000, 0x0000000080d00000| Untracked 
|  14|0x0000000080e00000, 0x0000000080e00000, 0x0000000080f00000|  0%| F|  |TAMS 0x0000000080e00000, 0x0000000080e00000| Untracked 
|  15|0x0000000080f00000, 0x0000000080f00000, 0x0000000081000000|  0%| F|  |TAMS 0x0000000080f00000, 0x0000000080f00000| Untracked 
|  16|0x0000000081000000, 0x0000000081000000, 0x0000000081100000|  0%| F|  |TAMS 0x0000000081000000, 0x0000000081000000| Untracked 
|  17|0x0000000081100000, 0x0000000081100000, 0x0000000081200000|  0%| F|  |TAMS 0x0000000081100000, 0x0000000081100000| Untracked 
|  18|0x0000000081200000, 0x0000000081200000, 0x0000000081300000|  0%| F|  |TAMS 0x0000000081200000, 0x0000000081200000| Untracked 
|  19|0x0000000081300000, 0x0000000081300000, 0x0000000081400000|  0%| F|  |TAMS 0x0000000081300000, 0x0000000081300000| Untracked 
|  20|0x0000000081400000, 0x0000000081400000, 0x0000000081500000|  0%| F|  |TAMS 0x0000000081400000, 0x0000000081400000| Untracked 
|  21|0x0000000081500000, 0x0000000081500000, 0x0000000081600000|  0%| F|  |TAMS 0x0000000081500000, 0x0000000081500000| Untracked 
|  22|0x0000000081600000, 0x0000000081600000, 0x0000000081700000|  0%| F|  |TAMS 0x0000000081600000, 0x0000000081600000| Untracked 
|  23|0x0000000081700000, 0x0000000081700000, 0x0000000081800000|  0%| F|  |TAMS 0x0000000081700000, 0x0000000081700000| Untracked 
|  24|0x0000000081800000, 0x0000000081800000, 0x0000000081900000|  0%| F|  |TAMS 0x0000000081800000, 0x0000000081800000| Untracked 
|  25|0x0000000081900000, 0x0000000081900000, 0x0000000081a00000|  0%| F|  |TAMS 0x0000000081900000, 0x0000000081900000| Untracked 
|  26|0x0000000081a00000, 0x0000000081a00000, 0x0000000081b00000|  0%| F|  |TAMS 0x0000000081a00000, 0x0000000081a00000| Untracked 
|  27|0x0000000081b00000, 0x0000000081b00000, 0x0000000081c00000|  0%| F|  |TAMS 0x0000000081b00000, 0x0000000081b00000| Untracked 
|  28|0x0000000081c00000, 0x0000000081c00000, 0x0000000081d00000|  0%| F|  |TAMS 0x0000000081c00000, 0x0000000081c00000| Untracked 
|  29|0x0000000081d00000, 0x0000000081d00000, 0x0000000081e00000|  0%| F|  |TAMS 0x0000000081d00000, 0x0000000081d00000| Untracked 
|  30|0x0000000081e00000, 0x0000000081e00000, 0x0000000081f00000|  0%| F|  |TAMS 0x0000000081e00000, 0x0000000081e00000| Untracked 
|  31|0x0000000081f00000, 0x0000000081f00000, 0x0000000082000000|  0%| F|  |TAMS 0x0000000081f00000, 0x0000000081f00000| Untracked 
|  32|0x0000000082000000, 0x0000000082000000, 0x0000000082100000|  0%| F|  |TAMS 0x0000000082000000, 0x0000000082000000| Untracked 
|  33|0x0000000082100000, 0x0000000082100000, 0x0000000082200000|  0%| F|  |TAMS 0x0000000082100000, 0x0000000082100000| Untracked 
|  34|0x0000000082200000, 0x0000000082200000, 0x0000000082300000|  0%| F|  |TAMS 0x0000000082200000, 0x0000000082200000| Untracked 
|  35|0x0000000082300000, 0x0000000082300000, 0x0000000082400000|  0%| F|  |TAMS 0x0000000082300000, 0x0000000082300000| Untracked 
|  36|0x0000000082400000, 0x0000000082400000, 0x0000000082500000|  0%| F|  |TAMS 0x0000000082400000, 0x0000000082400000| Untracked 
|  37|0x0000000082500000, 0x0000000082500000, 0x0000000082600000|  0%| F|  |TAMS 0x0000000082500000, 0x0000000082500000| Untracked 
|  38|0x0000000082600000, 0x0000000082600000, 0x0000000082700000|  0%| F|  |TAMS 0x0000000082600000, 0x0000000082600000| Untracked 
|  39|0x0000000082700000, 0x0000000082700000, 0x0000000082800000|  0%| F|  |TAMS 0x0000000082700000, 0x0000000082700000| Untracked 
|  40|0x0000000082800000, 0x0000000082800000, 0x0000000082900000|  0%| F|  |TAMS 0x0000000082800000, 0x0000000082800000| Untracked 
|  41|0x0000000082900000, 0x0000000082900000, 0x0000000082a00000|  0%| F|  |TAMS 0x0000000082900000, 0x0000000082900000| Untracked 
|  42|0x0000000082a00000, 0x0000000082a00000, 0x0000000082b00000|  0%| F|  |TAMS 0x0000000082a00000, 0x0000000082a00000| Untracked 
|  43|0x0000000082b00000, 0x0000000082b00000, 0x0000000082c00000|  0%| F|  |TAMS 0x0000000082b00000, 0x0000000082b00000| Untracked 
|  44|0x0000000082c00000, 0x0000000082c00000, 0x0000000082d00000|  0%| F|  |TAMS 0x0000000082c00000, 0x0000000082c00000| Untracked 
|  45|0x0000000082d00000, 0x0000000082d00000, 0x0000000082e00000|  0%| F|  |TAMS 0x0000000082d00000, 0x0000000082d00000| Untracked 
|  46|0x0000000082e00000, 0x0000000082e00000, 0x0000000082f00000|  0%| F|  |TAMS 0x0000000082e00000, 0x0000000082e00000| Untracked 
|  47|0x0000000082f00000, 0x0000000082f00000, 0x0000000083000000|  0%| F|  |TAMS 0x0000000082f00000, 0x0000000082f00000| Untracked 
|  48|0x0000000083000000, 0x0000000083000000, 0x0000000083100000|  0%| F|  |TAMS 0x0000000083000000, 0x0000000083000000| Untracked 
|  49|0x0000000083100000, 0x0000000083100000, 0x0000000083200000|  0%| F|  |TAMS 0x0000000083100000, 0x0000000083100000| Untracked 
|  50|0x0000000083200000, 0x0000000083200000, 0x0000000083300000|  0%| F|  |TAMS 0x0000000083200000, 0x0000000083200000| Untracked 
|  51|0x0000000083300000, 0x0000000083300000, 0x0000000083400000|  0%| F|  |TAMS 0x0000000083300000, 0x0000000083300000| Untracked 
|  52|0x0000000083400000, 0x0000000083400000, 0x0000000083500000|  0%| F|  |TAMS 0x0000000083400000, 0x0000000083400000| Untracked 
|  53|0x0000000083500000, 0x0000000083500000, 0x0000000083600000|  0%| F|  |TAMS 0x0000000083500000, 0x0000000083500000| Untracked 
|  54|0x0000000083600000, 0x0000000083600000, 0x0000000083700000|  0%| F|  |TAMS 0x0000000083600000, 0x0000000083600000| Untracked 
|  55|0x0000000083700000, 0x0000000083700000, 0x0000000083800000|  0%| F|  |TAMS 0x0000000083700000, 0x0000000083700000| Untracked 
|  56|0x0000000083800000, 0x0000000083800000, 0x0000000083900000|  0%| F|  |TAMS 0x0000000083800000, 0x0000000083800000| Untracked 
|  57|0x0000000083900000, 0x0000000083900000, 0x0000000083a00000|  0%| F|  |TAMS 0x0000000083900000, 0x0000000083900000| Untracked 
|  58|0x0000000083a00000, 0x0000000083a00000, 0x0000000083b00000|  0%| F|  |TAMS 0x0000000083a00000, 0x0000000083a00000| Untracked 
|  59|0x0000000083b00000, 0x0000000083b00000, 0x0000000083c00000|  0%| F|  |TAMS 0x0000000083b00000, 0x0000000083b00000| Untracked 
|  60|0x0000000083c00000, 0x0000000083c00000, 0x0000000083d00000|  0%| F|  |TAMS 0x0000000083c00000, 0x0000000083c00000| Untracked 
|  61|0x0000000083d00000, 0x0000000083d00000, 0x0000000083e00000|  0%| F|  |TAMS 0x0000000083d00000, 0x0000000083d00000| Untracked 
|  62|0x0000000083e00000, 0x0000000083e00000, 0x0000000083f00000|  0%| F|  |TAMS 0x0000000083e00000, 0x0000000083e00000| Untracked 
|  63|0x0000000083f00000, 0x0000000083f00000, 0x0000000084000000|  0%| F|  |TAMS 0x0000000083f00000, 0x0000000083f00000| Untracked 
|  64|0x0000000084000000, 0x0000000084000000, 0x0000000084100000|  0%| F|  |TAMS 0x0000000084000000, 0x0000000084000000| Untracked 
|  65|0x0000000084100000, 0x0000000084100000, 0x0000000084200000|  0%| F|  |TAMS 0x0000000084100000, 0x0000000084100000| Untracked 
|  66|0x0000000084200000, 0x0000000084200000, 0x0000000084300000|  0%| F|  |TAMS 0x0000000084200000, 0x0000000084200000| Untracked 
|  67|0x0000000084300000, 0x0000000084300000, 0x0000000084400000|  0%| F|  |TAMS 0x0000000084300000, 0x0000000084300000| Untracked 
|  68|0x0000000084400000, 0x0000000084400000, 0x0000000084500000|  0%| F|  |TAMS 0x0000000084400000, 0x0000000084400000| Untracked 
|  69|0x0000000084500000, 0x0000000084500000, 0x0000000084600000|  0%| F|  |TAMS 0x0000000084500000, 0x0000000084500000| Untracked 
|  70|0x0000000084600000, 0x0000000084600000, 0x0000000084700000|  0%| F|  |TAMS 0x0000000084600000, 0x0000000084600000| Untracked 
|  71|0x0000000084700000, 0x0000000084700000, 0x0000000084800000|  0%| F|  |TAMS 0x0000000084700000, 0x0000000084700000| Untracked 
|  72|0x0000000084800000, 0x0000000084800000, 0x0000000084900000|  0%| F|  |TAMS 0x0000000084800000, 0x0000000084800000| Untracked 
|  73|0x0000000084900000, 0x0000000084900000, 0x0000000084a00000|  0%| F|  |TAMS 0x0000000084900000, 0x0000000084900000| Untracked 
|  74|0x0000000084a00000, 0x0000000084a00000, 0x0000000084b00000|  0%| F|  |TAMS 0x0000000084a00000, 0x0000000084a00000| Untracked 
|  75|0x0000000084b00000, 0x0000000084b00000, 0x0000000084c00000|  0%| F|  |TAMS 0x0000000084b00000, 0x0000000084b00000| Untracked 
|  76|0x0000000084c00000, 0x0000000084c00000, 0x0000000084d00000|  0%| F|  |TAMS 0x0000000084c00000, 0x0000000084c00000| Untracked 
|  77|0x0000000084d00000, 0x0000000084d00000, 0x0000000084e00000|  0%| F|  |TAMS 0x0000000084d00000, 0x0000000084d00000| Untracked 
|  78|0x0000000084e00000, 0x0000000084e00000, 0x0000000084f00000|  0%| F|  |TAMS 0x0000000084e00000, 0x0000000084e00000| Untracked 
|  79|0x0000000084f00000, 0x0000000084f00000, 0x0000000085000000|  0%| F|  |TAMS 0x0000000084f00000, 0x0000000084f00000| Untracked 
|  80|0x0000000085000000, 0x0000000085000000, 0x0000000085100000|  0%| F|  |TAMS 0x0000000085000000, 0x0000000085000000| Untracked 
|  81|0x0000000085100000, 0x0000000085100000, 0x0000000085200000|  0%| F|  |TAMS 0x0000000085100000, 0x0000000085100000| Untracked 
|  82|0x0000000085200000, 0x0000000085200000, 0x0000000085300000|  0%| F|  |TAMS 0x0000000085200000, 0x0000000085200000| Untracked 
|  83|0x0000000085300000, 0x0000000085300000, 0x0000000085400000|  0%| F|  |TAMS 0x0000000085300000, 0x0000000085300000| Untracked 
|  84|0x0000000085400000, 0x0000000085400000, 0x0000000085500000|  0%| F|  |TAMS 0x0000000085400000, 0x0000000085400000| Untracked 
|  85|0x0000000085500000, 0x0000000085500000, 0x0000000085600000|  0%| F|  |TAMS 0x0000000085500000, 0x0000000085500000| Untracked 
|  86|0x0000000085600000, 0x0000000085600000, 0x0000000085700000|  0%| F|  |TAMS 0x0000000085600000, 0x0000000085600000| Untracked 
|  87|0x0000000085700000, 0x0000000085700000, 0x0000000085800000|  0%| F|  |TAMS 0x0000000085700000, 0x0000000085700000| Untracked 
|  88|0x0000000085800000, 0x0000000085800000, 0x0000000085900000|  0%| F|  |TAMS 0x0000000085800000, 0x0000000085800000| Untracked 
|  89|0x0000000085900000, 0x0000000085900000, 0x0000000085a00000|  0%| F|  |TAMS 0x0000000085900000, 0x0000000085900000| Untracked 
|  90|0x0000000085a00000, 0x0000000085a00000, 0x0000000085b00000|  0%| F|  |TAMS 0x0000000085a00000, 0x0000000085a00000| Untracked 
|  91|0x0000000085b00000, 0x0000000085b00000, 0x0000000085c00000|  0%| F|  |TAMS 0x0000000085b00000, 0x0000000085b00000| Untracked 
|  92|0x0000000085c00000, 0x0000000085c00000, 0x0000000085d00000|  0%| F|  |TAMS 0x0000000085c00000, 0x0000000085c00000| Untracked 
|  93|0x0000000085d00000, 0x0000000085d00000, 0x0000000085e00000|  0%| F|  |TAMS 0x0000000085d00000, 0x0000000085d00000| Untracked 
|  94|0x0000000085e00000, 0x0000000085e00000, 0x0000000085f00000|  0%| F|  |TAMS 0x0000000085e00000, 0x0000000085e00000| Untracked 
|  95|0x0000000085f00000, 0x0000000085f00000, 0x0000000086000000|  0%| F|  |TAMS 0x0000000085f00000, 0x0000000085f00000| Untracked 
|  96|0x0000000086000000, 0x0000000086000000, 0x0000000086100000|  0%| F|  |TAMS 0x0000000086000000, 0x0000000086000000| Untracked 
|  97|0x0000000086100000, 0x0000000086100000, 0x0000000086200000|  0%| F|  |TAMS 0x0000000086100000, 0x0000000086100000| Untracked 
|  98|0x0000000086200000, 0x0000000086200000, 0x0000000086300000|  0%| F|  |TAMS 0x0000000086200000, 0x0000000086200000| Untracked 
|  99|0x0000000086300000, 0x0000000086300000, 0x0000000086400000|  0%| F|  |TAMS 0x0000000086300000, 0x0000000086300000| Untracked 
| 100|0x0000000086400000, 0x0000000086400000, 0x0000000086500000|  0%| F|  |TAMS 0x0000000086400000, 0x0000000086400000| Untracked 
| 101|0x0000000086500000, 0x0000000086500000, 0x0000000086600000|  0%| F|  |TAMS 0x0000000086500000, 0x0000000086500000| Untracked 
| 102|0x0000000086600000, 0x0000000086600000, 0x0000000086700000|  0%| F|  |TAMS 0x0000000086600000, 0x0000000086600000| Untracked 
| 103|0x0000000086700000, 0x0000000086700000, 0x0000000086800000|  0%| F|  |TAMS 0x0000000086700000, 0x0000000086700000| Untracked 
| 104|0x0000000086800000, 0x0000000086800000, 0x0000000086900000|  0%| F|  |TAMS 0x0000000086800000, 0x0000000086800000| Untracked 
| 105|0x0000000086900000, 0x0000000086900000, 0x0000000086a00000|  0%| F|  |TAMS 0x0000000086900000, 0x0000000086900000| Untracked 
| 106|0x0000000086a00000, 0x0000000086a00000, 0x0000000086b00000|  0%| F|  |TAMS 0x0000000086a00000, 0x0000000086a00000| Untracked 
| 107|0x0000000086b00000, 0x0000000086b00000, 0x0000000086c00000|  0%| F|  |TAMS 0x0000000086b00000, 0x0000000086b00000| Untracked 
| 108|0x0000000086c00000, 0x0000000086c00000, 0x0000000086d00000|  0%| F|  |TAMS 0x0000000086c00000, 0x0000000086c00000| Untracked 
| 109|0x0000000086d00000, 0x0000000086d00000, 0x0000000086e00000|  0%| F|  |TAMS 0x0000000086d00000, 0x0000000086d00000| Untracked 
| 110|0x0000000086e00000, 0x0000000086e00000, 0x0000000086f00000|  0%| F|  |TAMS 0x0000000086e00000, 0x0000000086e00000| Untracked 
| 111|0x0000000086f00000, 0x0000000086f00000, 0x0000000087000000|  0%| F|  |TAMS 0x0000000086f00000, 0x0000000086f00000| Untracked 
| 112|0x0000000087000000, 0x0000000087000000, 0x0000000087100000|  0%| F|  |TAMS 0x0000000087000000, 0x0000000087000000| Untracked 
| 113|0x0000000087100000, 0x0000000087200000, 0x0000000087200000|100%| S|CS|TAMS 0x0000000087100000, 0x0000000087100000| Complete 
| 114|0x0000000087200000, 0x0000000087300000, 0x0000000087300000|100%| S|CS|TAMS 0x0000000087200000, 0x0000000087200000| Complete 
| 115|0x0000000087300000, 0x0000000087300000, 0x0000000087400000|  0%| F|  |TAMS 0x0000000087300000, 0x0000000087300000| Untracked 
| 116|0x0000000087400000, 0x0000000087400000, 0x0000000087500000|  0%| F|  |TAMS 0x0000000087400000, 0x0000000087400000| Untracked 
| 117|0x0000000087500000, 0x0000000087500000, 0x0000000087600000|  0%| F|  |TAMS 0x0000000087500000, 0x0000000087500000| Untracked 
| 118|0x0000000087600000, 0x0000000087600000, 0x0000000087700000|  0%| F|  |TAMS 0x0000000087600000, 0x0000000087600000| Untracked 
| 119|0x0000000087700000, 0x0000000087700000, 0x0000000087800000|  0%| F|  |TAMS 0x0000000087700000, 0x0000000087700000| Untracked 
| 120|0x0000000087800000, 0x0000000087800000, 0x0000000087900000|  0%| F|  |TAMS 0x0000000087800000, 0x0000000087800000| Untracked 
| 121|0x0000000087900000, 0x0000000087900000, 0x0000000087a00000|  0%| F|  |TAMS 0x0000000087900000, 0x0000000087900000| Untracked 
| 122|0x0000000087a00000, 0x0000000087a00000, 0x0000000087b00000|  0%| F|  |TAMS 0x0000000087a00000, 0x0000000087a00000| Untracked 
| 123|0x0000000087b00000, 0x0000000087b00000, 0x0000000087c00000|  0%| F|  |TAMS 0x0000000087b00000, 0x0000000087b00000| Untracked 
| 124|0x0000000087c00000, 0x0000000087c00000, 0x0000000087d00000|  0%| F|  |TAMS 0x0000000087c00000, 0x0000000087c00000| Untracked 
| 125|0x0000000087d00000, 0x0000000087d00000, 0x0000000087e00000|  0%| F|  |TAMS 0x0000000087d00000, 0x0000000087d00000| Untracked 
| 126|0x0000000087e00000, 0x0000000087e00000, 0x0000000087f00000|  0%| F|  |TAMS 0x0000000087e00000, 0x0000000087e00000| Untracked 
| 127|0x0000000087f00000, 0x0000000087fc5558, 0x0000000088000000| 77%| E|  |TAMS 0x0000000087f00000, 0x0000000087f00000| Complete 

Card table byte_map: [0x000001f15e390000,0x000001f15e790000] _byte_map_base: 0x000001f15df90000

Marking Bits (Prev, Next): (CMBitMap*) 0x000001f147731790, (CMBitMap*) 0x000001f1477317d0
 Prev Bits: [0x000001f15eb90000, 0x000001f160b90000)
 Next Bits: [0x000001f160b90000, 0x000001f162b90000)

Polling page: 0x000001f1454f0000

Metaspace:

Usage:
  Non-class:      2.89 MB used.
      Class:    361.23 KB used.
       Both:      3.24 MB used.

Virtual space:
  Non-class space:       64.00 MB reserved,       2.94 MB (  5%) committed,  1 nodes.
      Class space:        1.00 GB reserved,     448.00 KB ( <1%) committed,  1 nodes.
             Both:        1.06 GB reserved,       3.38 MB ( <1%) committed. 

Chunk freelists:
   Non-Class:  10.39 MB
       Class:  15.48 MB
        Both:  25.88 MB

MaxMetaspaceSize: unlimited
CompressedClassSpaceSize: 1.00 GB
Initial GC threshold: 21.00 MB
Current GC threshold: 21.00 MB
CDS: on
MetaspaceReclaimPolicy: balanced
 - commit_granule_bytes: 65536.
 - commit_granule_words: 8192.
 - virtual_space_node_default_size: 8388608.
 - enlarge_chunks_in_place: 1.
 - new_chunks_are_fully_committed: 0.
 - uncommit_free_chunks: 1.
 - use_allocation_guard: 0.
 - handle_deallocations: 1.


Internal statistics:

num_allocs_failed_limit: 0.
num_arena_births: 78.
num_arena_deaths: 0.
num_vsnodes_births: 2.
num_vsnodes_deaths: 0.
num_space_committed: 54.
num_space_uncommitted: 0.
num_chunks_returned_to_freelist: 0.
num_chunks_taken_from_freelist: 173.
num_chunk_merges: 0.
num_chunk_splits: 111.
num_chunks_enlarged: 79.
num_inconsistent_stats: 0.

CodeHeap 'non-profiled nmethods': size=120000Kb used=251Kb max_used=251Kb free=119748Kb
 bounds [0x000001f156a60000, 0x000001f156cd0000, 0x000001f15df90000]
CodeHeap 'profiled nmethods': size=120000Kb used=1459Kb max_used=1459Kb free=118540Kb
 bounds [0x000001f14ef90000, 0x000001f14f200000, 0x000001f1564c0000]
CodeHeap 'non-nmethods': size=5760Kb used=1137Kb max_used=1159Kb free=4622Kb
 bounds [0x000001f1564c0000, 0x000001f156730000, 0x000001f156a60000]
 total_blobs=1226 nmethods=804 adapters=335
 compilation: enabled
              stopped_count=0, restarted_count=0
 full_count=0

Compilation events (20 events):
Event: 0.733 Thread 0x000001f1650a3890  798       3       java.lang.invoke.MemberName::checkForTypeAlias (172 bytes)
Event: 0.739 Thread 0x000001f16503a7f0 nmethod 764 0x000001f156a9d890 code [0x000001f156a9da60, 0x000001f156a9e458]
Event: 0.739 Thread 0x000001f16503a7f0  789   !   4       java.util.zip.ZipFile::getEntry (59 bytes)
Event: 0.739 Thread 0x000001f1650a3890 nmethod 798 0x000001f14f0ef690 code [0x000001f14f0efb00, 0x000001f14f0f1998]
Event: 0.739 Thread 0x000001f1650a3890  800       3       java.lang.ThreadLocal::get (38 bytes)
Event: 0.739 Thread 0x000001f1650a3890 nmethod 800 0x000001f14f0f2210 code [0x000001f14f0f23e0, 0x000001f14f0f26e8]
Event: 0.740 Thread 0x000001f1650a3890  801       3       java.nio.DirectLongBufferU::ix (10 bytes)
Event: 0.740 Thread 0x000001f1650a3890 nmethod 801 0x000001f14f0f2810 code [0x000001f14f0f29a0, 0x000001f14f0f2ab8]
Event: 0.743 Thread 0x000001f1650a3890  802       3       org.springframework.util.StringUtils::hasLength (17 bytes)
Event: 0.743 Thread 0x000001f1650a3890 nmethod 802 0x000001f14f0f2b90 code [0x000001f14f0f2d40, 0x000001f14f0f2f98]
Event: 0.745 Thread 0x000001f1650a3890  803       3       sun.nio.fs.WindowsPathParser::normalize (233 bytes)
Event: 0.747 Thread 0x000001f1650a3890 nmethod 803 0x000001f14f0f3090 code [0x000001f14f0f3660, 0x000001f14f0f6288]
Event: 0.748 Thread 0x000001f1650a3890  804       3       org.springframework.util.StringUtils::deleteAny (90 bytes)
Event: 0.749 Thread 0x000001f1650a3890 nmethod 804 0x000001f14f0f7390 code [0x000001f14f0f7680, 0x000001f14f0f88a8]
Event: 0.749 Thread 0x000001f1650a3890  805       3       java.io.WinNTFileSystem::normalizePrefix (132 bytes)
Event: 0.750 Thread 0x000001f1650a3890 nmethod 805 0x000001f14f0f8f90 code [0x000001f14f0f93c0, 0x000001f14f0fb448]
Event: 0.750 Thread 0x000001f1650a3890  807       3       java.lang.invoke.MethodType::toMethodDescriptorString (28 bytes)
Event: 0.750 Thread 0x000001f1650a3890 nmethod 807 0x000001f14f0fc090 code [0x000001f14f0fc240, 0x000001f14f0fc428]
Event: 0.752 Thread 0x000001f1650a3890  809       3       java.util.HashSet::<init> (16 bytes)
Event: 0.753 Thread 0x000001f1650a3890 nmethod 809 0x000001f14f0fc510 code [0x000001f14f0fc6e0, 0x000001f14f0fcaf8]

GC Heap History (2 events):
Event: 0.733 GC heap before
{Heap before GC invocations=0 (full 0):
 garbage-first heap   total 131072K, used 14336K [0x0000000080000000, 0x0000000100000000)
  region size 1024K, 13 young (13312K), 0 survivors (0K)
 Metaspace       used 3141K, committed 3264K, reserved 1114112K
  class space    used 339K, committed 384K, reserved 1048576K
}
Event: 0.738 GC heap after
{Heap after GC invocations=1 (full 0):
 garbage-first heap   total 131072K, used 6933K [0x0000000080000000, 0x0000000100000000)
  region size 1024K, 2 young (2048K), 2 survivors (2048K)
 Metaspace       used 3141K, committed 3264K, reserved 1114112K
  class space    used 339K, committed 384K, reserved 1048576K
}

Deoptimization events (20 events):
Event: 0.179 Thread 0x000001f1476d3db0 Uncommon trap: trap_request=0xffffff45 fr.pc=0x000001f156a615f8 relative=0x0000000000000078
Event: 0.179 Thread 0x000001f1476d3db0 Uncommon trap: reason=unstable_if action=reinterpret pc=0x000001f156a615f8 method=java.lang.String.isLatin1()Z @ 10 c2
Event: 0.179 Thread 0x000001f1476d3db0 DEOPT PACKING pc=0x000001f156a615f8 sp=0x0000001ddaeff0c0
Event: 0.179 Thread 0x000001f1476d3db0 DEOPT UNPACKING pc=0x000001f1565123a3 sp=0x0000001ddaeff000 mode 2
Event: 0.236 Thread 0x000001f1476d3db0 DEOPT PACKING pc=0x000001f14ef998e7 sp=0x0000001ddaefda20
Event: 0.236 Thread 0x000001f1476d3db0 DEOPT UNPACKING pc=0x000001f156512b43 sp=0x0000001ddaefce40 mode 0
Event: 0.336 Thread 0x000001f1476d3db0 DEOPT PACKING pc=0x000001f14ef979d1 sp=0x0000001ddaefd9e0
Event: 0.336 Thread 0x000001f1476d3db0 DEOPT UNPACKING pc=0x000001f156512b43 sp=0x0000001ddaefce58 mode 0
Event: 0.569 Thread 0x000001f1476d3db0 Uncommon trap: trap_request=0xffffff45 fr.pc=0x000001f156a67ce4 relative=0x0000000000000064
Event: 0.569 Thread 0x000001f1476d3db0 Uncommon trap: reason=unstable_if action=reinterpret pc=0x000001f156a67ce4 method=java.io.WinNTFileSystem.isSlash(C)Z @ 9 c2
Event: 0.569 Thread 0x000001f1476d3db0 DEOPT PACKING pc=0x000001f156a67ce4 sp=0x0000001ddaefcde0
Event: 0.569 Thread 0x000001f1476d3db0 DEOPT UNPACKING pc=0x000001f1565123a3 sp=0x0000001ddaefcd68 mode 2
Event: 0.622 Thread 0x000001f1476d3db0 DEOPT PACKING pc=0x000001f14efcecd4 sp=0x0000001ddaefc9a0
Event: 0.622 Thread 0x000001f1476d3db0 DEOPT UNPACKING pc=0x000001f156512b43 sp=0x0000001ddaefbe60 mode 0
Event: 0.658 Thread 0x000001f1476d3db0 Uncommon trap: trap_request=0xffffff6e fr.pc=0x000001f156a84e74 relative=0x0000000000000454
Event: 0.658 Thread 0x000001f1476d3db0 Uncommon trap: reason=loop_limit_check action=maybe_recompile pc=0x000001f156a84e74 method=java.lang.StringLatin1.indexOf([BI[BII)I @ 37 c2
Event: 0.658 Thread 0x000001f1476d3db0 DEOPT PACKING pc=0x000001f156a84e74 sp=0x0000001ddaefcb50
Event: 0.658 Thread 0x000001f1476d3db0 DEOPT UNPACKING pc=0x000001f1565123a3 sp=0x0000001ddaefcab0 mode 2
Event: 0.713 Thread 0x000001f1476d3db0 DEOPT PACKING pc=0x000001f14f031257 sp=0x0000001ddaefa3d0
Event: 0.713 Thread 0x000001f1476d3db0 DEOPT UNPACKING pc=0x000001f156512b43 sp=0x0000001ddaef9830 mode 0

Classes unloaded (0 events):
No events

Classes redefined (0 events):
No events

Internal exceptions (12 events):
Event: 0.478 Thread 0x000001f1476d3db0 Exception <a 'java/lang/NoSuchMethodError'{0x0000000087ae3598}: 'java.lang.Object java.lang.invoke.DirectMethodHandle$Holder.invokeStaticInit(java.lang.Object, java.lang.Object, java.lang.Object)'> (0x0000000087ae3598) 
thrown [s\open\src\hotspot\share\interpreter\linkResolver.cpp, line 759]
Event: 0.531 Thread 0x000001f1476d3db0 Exception <a 'java/lang/NoSuchMethodError'{0x00000000878a2308}: 'void java.lang.invoke.DirectMethodHandle$Holder.invokeStatic(java.lang.Object, java.lang.Object, java.lang.Object, java.lang.Object)'> (0x00000000878a2308) 
thrown [s\open\src\hotspot\share\interpreter\linkResolver.cpp, line 759]
Event: 0.539 Thread 0x000001f1476d3db0 Exception <a 'java/lang/NoSuchMethodError'{0x00000000878d6180}: 'int java.lang.invoke.DirectMethodHandle$Holder.invokeStatic(java.lang.Object, java.lang.Object, int)'> (0x00000000878d6180) 
thrown [s\open\src\hotspot\share\interpreter\linkResolver.cpp, line 759]
Event: 0.547 Thread 0x000001f1476d3db0 Exception <a 'java/lang/NoSuchMethodError'{0x000000008770ed00}: 'int java.lang.invoke.DirectMethodHandle$Holder.invokeStatic(java.lang.Object)'> (0x000000008770ed00) 
thrown [s\open\src\hotspot\share\interpreter\linkResolver.cpp, line 759]
Event: 0.547 Thread 0x000001f1476d3db0 Exception <a 'java/lang/NoSuchMethodError'{0x00000000877121b0}: 'int java.lang.invoke.DirectMethodHandle$Holder.invokeStaticInit(java.lang.Object)'> (0x00000000877121b0) 
thrown [s\open\src\hotspot\share\interpreter\linkResolver.cpp, line 759]
Event: 0.549 Thread 0x000001f1476d3db0 Exception <a 'java/lang/NoSuchMethodError'{0x000000008772cb60}: 'java.lang.Object java.lang.invoke.DirectMethodHandle$Holder.invokeStaticInit(java.lang.Object)'> (0x000000008772cb60) 
thrown [s\open\src\hotspot\share\interpreter\linkResolver.cpp, line 759]
Event: 0.555 Thread 0x000001f1476d3db0 Exception <a 'java/lang/NoSuchMethodError'{0x00000000877530b8}: 'void java.lang.invoke.DirectMethodHandle$Holder.invokeStatic(java.lang.Object, java.lang.Object, java.lang.Object)'> (0x00000000877530b8) 
thrown [s\open\src\hotspot\share\interpreter\linkResolver.cpp, line 759]
Event: 0.559 Thread 0x000001f1476d3db0 Exception <a 'java/lang/NoSuchMethodError'{0x0000000087770bc0}: 'java.lang.Object java.lang.invoke.DirectMethodHandle$Holder.invokeStatic(java.lang.Object, int, java.lang.Object)'> (0x0000000087770bc0) 
thrown [s\open\src\hotspot\share\interpreter\linkResolver.cpp, line 759]
Event: 0.562 Thread 0x000001f1476d3db0 Exception <a 'java/lang/NoSuchMethodError'{0x000000008777e160}: 'java.lang.Object java.lang.invoke.DirectMethodHandle$Holder.invokeInterface(java.lang.Object, java.lang.Object)'> (0x000000008777e160) 
thrown [s\open\src\hotspot\share\interpreter\linkResolver.cpp, line 759]
Event: 0.584 Thread 0x000001f1476d3db0 Exception <a 'java/lang/NoSuchMethodError'{0x00000000877f7660}: 'void java.lang.invoke.DirectMethodHandle$Holder.invokeStaticInit(java.lang.Object, java.lang.Object, java.lang.Object, java.lang.Object)'> (0x00000000877f7660) 
thrown [s\open\src\hotspot\share\interpreter\linkResolver.cpp, line 759]
Event: 0.656 Thread 0x000001f1476d3db0 Exception <a 'java/lang/NoSuchMethodError'{0x0000000087590a18}: 'java.lang.Object java.lang.invoke.DirectMethodHandle$Holder.invokeSpecial(java.lang.Object, java.lang.Object, java.lang.Object, long, java.lang.Object)'> (0x0000000087590a18) 
thrown [s\open\src\hotspot\share\interpreter\linkResolver.cpp, line 759]
Event: 0.656 Thread 0x000001f1476d3db0 Exception <a 'java/lang/NoSuchMethodError'{0x00000000875945e8}: 'java.lang.Object java.lang.invoke.Invokers$Holder.linkToTargetMethod(java.lang.Object, long, java.lang.Object, java.lang.Object)'> (0x00000000875945e8) 
thrown [s\open\src\hotspot\share\interpreter\linkResolver.cpp, line 759]

VM Operations (14 events):
Event: 0.206 Executing VM operation: HandshakeAllThreads
Event: 0.206 Executing VM operation: HandshakeAllThreads done
Event: 0.472 Executing VM operation: HandshakeAllThreads
Event: 0.472 Executing VM operation: HandshakeAllThreads done
Event: 0.527 Executing VM operation: HandshakeAllThreads
Event: 0.527 Executing VM operation: HandshakeAllThreads done
Event: 0.569 Executing VM operation: HandshakeAllThreads
Event: 0.569 Executing VM operation: HandshakeAllThreads done
Event: 0.598 Executing VM operation: HandshakeAllThreads
Event: 0.598 Executing VM operation: HandshakeAllThreads done
Event: 0.711 Executing VM operation: HandshakeAllThreads
Event: 0.711 Executing VM operation: HandshakeAllThreads done
Event: 0.733 Executing VM operation: G1CollectForAllocation
Event: 0.738 Executing VM operation: G1CollectForAllocation done

Events (20 events):
Event: 0.751 loading class java/util/stream/Node$OfLong
Event: 0.751 loading class java/util/stream/Node$OfLong done
Event: 0.751 loading class java/util/stream/Nodes$EmptyNode$OfLong done
Event: 0.751 loading class java/util/stream/Nodes$EmptyNode$OfDouble
Event: 0.751 loading class java/util/stream/Node$OfDouble
Event: 0.751 loading class java/util/stream/Node$OfDouble done
Event: 0.751 loading class java/util/stream/Nodes$EmptyNode$OfDouble done
Event: 0.751 loading class java/util/stream/Nodes$SpinedNodeBuilder
Event: 0.751 loading class java/util/stream/Node$Builder
Event: 0.751 loading class java/util/stream/Node$Builder done
Event: 0.751 loading class java/util/stream/SpinedBuffer
Event: 0.752 loading class java/util/stream/AbstractSpinedBuffer
Event: 0.752 loading class java/util/stream/AbstractSpinedBuffer done
Event: 0.752 loading class java/util/stream/SpinedBuffer done
Event: 0.752 loading class java/util/stream/Nodes$SpinedNodeBuilder done
Event: 0.759 loading class java/util/IdentityHashMap$EntrySet
Event: 0.759 loading class java/util/IdentityHashMap$EntrySet done
Event: 0.760 loading class java/util/IdentityHashMap$EntryIterator
Event: 0.760 loading class java/util/IdentityHashMap$EntryIterator done
Event: 0.760 loading class java/util/IdentityHashMap$EntryIterator$Entry


Dynamic libraries:
0x00007ff77a940000 - 0x00007ff77a950000 	C:\Program Files\Java\jdk-17\bin\javaw.exe
0x00007fff92830000 - 0x00007fff92a28000 	C:\Windows\SYSTEM32\ntdll.dll
0x00007fff91ac0000 - 0x00007fff91b82000 	C:\Windows\System32\KERNEL32.DLL
0x00007fff90020000 - 0x00007fff90316000 	C:\Windows\System32\KERNELBASE.dll
0x00007fff90320000 - 0x00007fff90420000 	C:\Windows\System32\ucrtbase.dll
0x00007fff80330000 - 0x00007fff8034b000 	C:\Program Files\Java\jdk-17\bin\VCRUNTIME140.dll
0x00007fff80310000 - 0x00007fff80329000 	C:\Program Files\Java\jdk-17\bin\jli.dll
0x00007fff90a30000 - 0x00007fff90ae1000 	C:\Windows\System32\ADVAPI32.dll
0x00007fff91c90000 - 0x00007fff91d2e000 	C:\Windows\System32\msvcrt.dll
0x00007fff91b90000 - 0x00007fff91c2f000 	C:\Windows\System32\sechost.dll
0x00007fff90e40000 - 0x00007fff90f60000 	C:\Windows\System32\RPCRT4.dll
0x00007fff90670000 - 0x00007fff90697000 	C:\Windows\System32\bcrypt.dll
0x00007fff77ec0000 - 0x00007fff7815b000 	C:\Windows\WinSxS\amd64_microsoft.windows.common-controls_6595b64144ccf1df_6.0.19041.6456_none_60b8a6cb71f64256\COMCTL32.dll
0x00007fff90ff0000 - 0x00007fff9101b000 	C:\Windows\System32\GDI32.dll
0x00007fff90510000 - 0x00007fff90532000 	C:\Windows\System32\win32u.dll
0x00007fff90730000 - 0x00007fff90849000 	C:\Windows\System32\gdi32full.dll
0x00007fff90420000 - 0x00007fff904bd000 	C:\Windows\System32\msvcp_win.dll
0x00007fff91d30000 - 0x00007fff91ed1000 	C:\Windows\System32\USER32.dll
0x00007fff87d00000 - 0x00007fff87d0a000 	C:\Windows\SYSTEM32\VERSION.dll
0x00007fff91ee0000 - 0x00007fff91f0f000 	C:\Windows\System32\IMM32.DLL
0x00007fff848f0000 - 0x00007fff848fc000 	C:\Program Files\Java\jdk-17\bin\vcruntime140_1.dll
0x00007fff7bbc0000 - 0x00007fff7bc4e000 	C:\Program Files\Java\jdk-17\bin\msvcp140.dll
0x00007fff195e0000 - 0x00007fff1a1c0000 	C:\Program Files\Java\jdk-17\bin\server\jvm.dll
0x00007fff90bc0000 - 0x00007fff90bc8000 	C:\Windows\System32\PSAPI.DLL
0x00007fff8aab0000 - 0x00007fff8aab9000 	C:\Windows\SYSTEM32\WSOCK32.dll
0x00007fff912b0000 - 0x00007fff9131b000 	C:\Windows\System32\WS2_32.dll
0x00007fff77e50000 - 0x00007fff77e77000 	C:\Windows\SYSTEM32\WINMM.dll
0x00007fff8dd10000 - 0x00007fff8dd22000 	C:\Windows\SYSTEM32\kernel.appcore.dll
0x00007fff7fce0000 - 0x00007fff7fcea000 	C:\Program Files\Java\jdk-17\bin\jimage.dll
0x00007fff84f90000 - 0x00007fff85191000 	C:\Windows\SYSTEM32\DBGHELP.DLL
0x00007fff7e1a0000 - 0x00007fff7e1d4000 	C:\Windows\SYSTEM32\dbgcore.DLL
0x00007fff906a0000 - 0x00007fff90722000 	C:\Windows\System32\bcryptPrimitives.dll
0x00007fff7e080000 - 0x00007fff7e0a5000 	C:\Program Files\Java\jdk-17\bin\java.dll
0x00007fff6d420000 - 0x00007fff6d4f7000 	C:\Program Files\Java\jdk-17\bin\jsvml.dll
0x00007fff91330000 - 0x00007fff91aa0000 	C:\Windows\System32\SHELL32.dll
0x00007fff8df10000 - 0x00007fff8e6b5000 	C:\Windows\SYSTEM32\windows.storage.dll
0x00007fff92020000 - 0x00007fff92374000 	C:\Windows\System32\combase.dll
0x00007fff8f730000 - 0x00007fff8f75b000 	C:\Windows\SYSTEM32\Wldp.dll
0x00007fff90af0000 - 0x00007fff90bbd000 	C:\Windows\System32\OLEAUT32.dll
0x00007fff90980000 - 0x00007fff90a2d000 	C:\Windows\System32\SHCORE.dll
0x00007fff91fc0000 - 0x00007fff9201b000 	C:\Windows\System32\shlwapi.dll
0x00007fff8fdf0000 - 0x00007fff8fe14000 	C:\Windows\SYSTEM32\profapi.dll
0x00007fff7fcc0000 - 0x00007fff7fcd9000 	C:\Program Files\Java\jdk-17\bin\net.dll
0x00007fff888b0000 - 0x00007fff889ba000 	C:\Windows\SYSTEM32\WINHTTP.dll
0x00007fff8f510000 - 0x00007fff8f57a000 	C:\Windows\system32\mswsock.dll
0x00007fff7f4d0000 - 0x00007fff7f4e6000 	C:\Program Files\Java\jdk-17\bin\nio.dll
0x00007fff7f360000 - 0x00007fff7f378000 	C:\Program Files\Java\jdk-17\bin\zip.dll

dbghelp: loaded successfully - version: 4.0.5 - missing functions: none
symbol engine: initialized successfully - sym options: 0x614 - pdb path: .;C:\Program Files\Java\jdk-17\bin;C:\Windows\SYSTEM32;C:\Windows\WinSxS\amd64_microsoft.windows.common-controls_6595b64144ccf1df_6.0.19041.6456_none_60b8a6cb71f64256;C:\Program Files\Java\jdk-17\bin\server

VM Arguments:
jvm_args: -Dfile.encoding=UTF-8 -Dstdout.encoding=UTF-8 -Dstderr.encoding=UTF-8 -XX:+ShowCodeDetailsInExceptionMessages 
java_command: com.creditscore.CreditScoreApplication
java_class_path (initial): C:\CreditScore\target\classes;C:\Users\Administrator\.m2\repository\org\springframework\boot\spring-boot-starter-webmvc\4.0.6\spring-boot-starter-webmvc-4.0.6.jar;C:\Users\Administrator\.m2\repository\org\springframework\boot\spring-boot-starter\4.0.6\spring-boot-starter-4.0.6.jar;C:\Users\Administrator\.m2\repository\org\springframework\boot\spring-boot-starter-logging\4.0.6\spring-boot-starter-logging-4.0.6.jar;C:\Users\Administrator\.m2\repository\ch\qos\logback\logback-classic\1.5.32\logback-classic-1.5.32.jar;C:\Users\Administrator\.m2\repository\ch\qos\logback\logback-core\1.5.32\logback-core-1.5.32.jar;C:\Users\Administrator\.m2\repository\org\apache\logging\log4j\log4j-to-slf4j\2.25.4\log4j-to-slf4j-2.25.4.jar;C:\Users\Administrator\.m2\repository\org\apache\logging\log4j\log4j-api\2.25.4\log4j-api-2.25.4.jar;C:\Users\Administrator\.m2\repository\org\slf4j\jul-to-slf4j\2.0.17\jul-to-slf4j-2.0.17.jar;C:\Users\Administrator\.m2\repository\jakarta\annotation\jakarta.annotation-api\3.0.0\jakarta.annotation-api-3.0.0.jar;C:\Users\Administrator\.m2\repository\org\yaml\snakeyaml\2.5\snakeyaml-2.5.jar;C:\Users\Administrator\.m2\repository\org\springframework\boot\spring-boot-starter-jackson\4.0.6\spring-boot-starter-jackson-4.0.6.jar;C:\Users\Administrator\.m2\repository\org\springframework\boot\spring-boot-jackson\4.0.6\spring-boot-jackson-4.0.6.jar;C:\Users\Administrator\.m2\repository\tools\jackson\core\jackson-databind\3.1.2\jackson-databind-3.1.2.jar;C:\Users\Administrator\.m2\repository\com\fasterxml\jackson\core\jackson-annotations\2.21\jackson-annotations-2.21.jar;C:\Users\Administrator\.m2\repository\tools\jackson\core\jackson-core\3.1.2\jackson-core-3.1.2.jar;C:\Users\Administrator\.m2\repository\org\springframework\boot\spring-boot-starter-tomcat\4.0.6\spring-boot-starter-tomcat-4.0.6.jar;C:\Users\Administrator\.m2\repository\org\springframework\boot\spring-boot-starter-tomcat-runtime\4.0.6\spring-boot-starter-tomcat-runtime-4
Launcher Type: SUN_STANDARD

[Global flags]
     intx CICompilerCount                          = 3                                         {product} {ergonomic}
     uint ConcGCThreads                            = 1                                         {product} {ergonomic}
     uint G1ConcRefinementThreads                  = 4                                         {product} {ergonomic}
   size_t G1HeapRegionSize                         = 1048576                                   {product} {ergonomic}
    uintx GCDrainStackTargetSize                   = 64                                        {product} {ergonomic}
   size_t InitialHeapSize                          = 134217728                                 {product} {ergonomic}
   size_t MarkStackSize                            = 4194304                                   {product} {ergonomic}
   size_t MaxHeapSize                              = 2147483648                                {product} {ergonomic}
   size_t MaxNewSize                               = 1287651328                                {product} {ergonomic}
   size_t MinHeapDeltaBytes                        = 1048576                                   {product} {ergonomic}
   size_t MinHeapSize                              = 8388608                                   {product} {ergonomic}
    uintx NonNMethodCodeHeapSize                   = 5832780                                {pd product} {ergonomic}
    uintx NonProfiledCodeHeapSize                  = 122912730                              {pd product} {ergonomic}
    uintx ProfiledCodeHeapSize                     = 122912730                              {pd product} {ergonomic}
    uintx ReservedCodeCacheSize                    = 251658240                              {pd product} {ergonomic}
     bool SegmentedCodeCache                       = true                                      {product} {ergonomic}
     bool ShowCodeDetailsInExceptionMessages       = true                                   {manageable} {command line}
   size_t SoftMaxHeapSize                          = 2147483648                             {manageable} {ergonomic}
     bool UseCompressedClassPointers               = true                           {product lp64_product} {ergonomic}
     bool UseCompressedOops                        = true                           {product lp64_product} {ergonomic}
     bool UseG1GC                                  = true                                      {product} {ergonomic}
     bool UseLargePagesIndividualAllocation        = false                                  {pd product} {ergonomic}

Logging:
Log output configuration:
 #0: stdout all=warning uptime,level,tags
 #1: stderr all=off uptime,level,tags

Environment Variables:
PATH=C:/Users/Administrator/.p2/pool/plugins/org.eclipse.justj.openjdk.hotspot.jre.full.win32.x86_64_21.0.10.v20260205-0638/jre/bin/server;C:/Users/Administrator/.p2/pool/plugins/org.eclipse.justj.openjdk.hotspot.jre.full.win32.x86_64_21.0.10.v20260205-0638/jre/bin;C:\Program Files\Common Files\Oracle\Java\javapath;C:\Windows\system32;C:\Windows;C:\Windows\System32\Wbem;C:\Windows\System32\WindowsPowerShell\v1.0\;C:\Windows\System32\OpenSSH\;C:\Program Files\Apache\Maven\apache-maven-3.9.14\bin;C:\Program Files\Apache\Maven\apache-maven-3.9.14\bin;C:\Program Files\Git\cmd;C:\Program Files\nodejs\;C:\Program Files\Microsoft VS Code\bin;C:\Users\Administrator\AppData\Local\Microsoft\WindowsApps;C:\Program Files\JetBrains\IntelliJ IDEA 2026.1\bin;C:\Users\Administrator\AppData\Roaming\npm;C:\Windows\system32;
USERNAME=Administrator
OS=Windows_NT
PROCESSOR_IDENTIFIER=Intel64 Family 6 Model 85 Stepping 4, GenuineIntel



---------------  S Y S T E M  ---------------

OS:
 Windows 10 , 64 bit Build 19041 (10.0.19041.5915)
OS uptime: 13 days 2:07 hours
Hyper-V role detected

CPU: total 4 (initial active 4) (4 cores per cpu, 1 threads per core) family 6 model 85 stepping 4 microcode 0x2007006, cx8, cmov, fxsr, mmx, 3dnowpref, sse, sse2, sse3, ssse3, sse4.1, sse4.2, popcnt, lzcnt, tsc, tscinvbit, avx, avx2, aes, erms, clmul, bmi1, bmi2, adx, fma, vzeroupper, clflush, clflushopt, clwb, hv

Memory: 4k page, system-wide physical 8191M (356M free)
TotalPageFile size 18109M (AvailPageFile size 4M)
current process WorkingSet (physical memory assigned to process): 67M, peak: 67M
current process commit charge ("private bytes"): 215M, peak: 215M

vm_info: Java HotSpot(TM) 64-Bit Server VM (17.0.12+8-LTS-286) for windows-amd64 JRE (17.0.12+8-LTS-286), built on Jun  5 2024 06:46:59 by "mach5one" with MS VC++ 17.6 (VS2022)

END.
